2025-10-07 15:32:00 | DEBUG | repo=course-sys-int-switchyard-seminar | action=commit
2025-09-17 18:15:00 | INFO | repo=course-sys-int-switchyard-seminar | action=commit
2025-06-05 07:40:00 | INFO | repo=course-sys-int-switchyard-seminar | action=commit
2025-08-26 16:29:00 | WARN | repo=course-sys-int-switchyard-seminar | action=commit
2025-12-05 11:24:00 | DEBUG | repo=course-sys-int-switchyard-seminar | action=commit
2025-07-22 19:01:00 | WARN | repo=course-sys-int-switchyard-seminar | action=commit
2025-08-22 11:37:00 | INFO | repo=course-sys-int-switchyard-seminar | action=test | passed=true
2025-11-21 14:08:00 | WARN | repo=course-sys-int-switchyard-seminar | action=test | passed=true
2025-02-15 09:55:00 | WARN | repo=course-sys-int-switchyard-seminar | action=test | passed=true
2025-03-24 11:56:00 | INFO | repo=course-sys-int-switchyard-seminar | action=commit
2025-12-15 17:18:00 | INFO | repo=course-sys-int-switchyard-seminar | action=commit
2025-03-22 15:39:00 | WARN | repo=course-sys-int-switchyard-seminar | action=pull
2025-08-03 11:53:00 | WARN | repo=course-sys-int-switchyard-seminar | action=commit
2025-09-06 15:31:00 | INFO | repo=course-sys-int-switchyard-seminar | action=commit
2025-08-10 16:00:00 | WARN | repo=course-sys-int-switchyard-seminar | action=commit
2025-03-16 14:52:00 | INFO | repo=course-sys-int-switchyard-seminar | action=commit
2025-07-19 09:25:00 | WARN | repo=course-sys-int-switchyard-seminar | action=commit
2025-04-26 11:15:00 | INFO | repo=course-sys-int-switchyard-seminar | action=pull
2025-07-24 13:44:00 | DEBUG | repo=course-sys-int-switchyard-seminar | action=commit
2025-02-07 10:02:00 | DEBUG | repo=course-sys-int-switchyard-seminar | action=edit | files=1
2025-09-07 13:35:00 | DEBUG | repo=course-sys-int-switchyard-seminar | action=commit
2025-08-23 21:06:00 | WARN | repo=course-sys-int-switchyard-seminar | action=pull
2025-08-22 18:28:00 | DEBUG | repo=course-sys-int-switchyard-seminar | action=commit
2025-08-28 18:11:00 | WARN | repo=course-sys-int-switchyard-seminar | action=commit
2025-08-23 08:42:00 | WARN | repo=course-sys-int-switchyard-seminar | action=commit
2025-06-13 11:00:00 | WARN | repo=course-sys-int-switchyard-seminar | action=commit
2025-09-18 13:58:00 | INFO | repo=course-sys-int-switchyard-seminar | action=commit
2025-07-28 09:55:00 | INFO | repo=course-sys-int-switchyard-seminar | action=commit
2025-01-08 18:03:00 | INFO | repo=course-sys-int-switchyard-seminar | action=commit
2025-06-13 11:47:00 | DEBUG | repo=course-sys-int-switchyard-seminar | action=commit
2025-09-01 18:13:00 | WARN | repo=course-sys-int-switchyard-seminar | action=commit
2025-06-18 14:00:00 | WARN | repo=course-sys-int-switchyard-seminar | action=commit
2025-02-19 08:32:00 | DEBUG | repo=course-sys-int-switchyard-seminar | action=test | passed=true
2025-10-22 15:50:00 | INFO | repo=course-sys-int-switchyard-seminar | action=commit
2025-05-09 13:14:00 | WARN | repo=course-sys-int-switchyard-seminar | action=commit
2025-04-14 12:21:00 | DEBUG | repo=course-sys-int-switchyard-seminar | action=pull
2025-01-14 16:24:00 | DEBUG | repo=course-sys-int-switchyard-seminar | action=commit
2025-05-07 11:36:00 | DEBUG | repo=course-sys-int-switchyard-seminar | action=commit
2025-01-02 08:43:00 | INFO | repo=course-sys-int-switchyard-seminar | action=test | passed=true
2025-03-01 09:09:00 | DEBUG | repo=course-sys-int-switchyard-seminar | action=commit
2025-02-17 11:17:00 | DEBUG | repo=course-sys-int-switchyard-seminar | action=commit
2025-01-16 17:00:00 | INFO | repo=course-sys-int-switchyard-seminar | action=commit
2025-11-11 21:48:00 | INFO | repo=course-sys-int-switchyard-seminar | action=commit
2025-09-02 12:59:00 | INFO | repo=course-sys-int-switchyard-seminar | action=pull
2025-10-07 15:10:00 | INFO | repo=course-sys-int-switchyard-seminar | action=commit
2025-11-08 15:34:00 | WARN | repo=course-sys-int-switchyard-seminar | action=edit | files=3
2025-06-10 10:49:00 | WARN | repo=course-sys-int-switchyard-seminar | action=commit
2025-01-27 10:33:00 | INFO | repo=course-sys-int-switchyard-seminar | action=commit
2025-11-13 20:51:00 | DEBUG | repo=course-sys-int-switchyard-seminar | action=test | passed=true
2025-08-13 20:58:00 | WARN | repo=course-sys-int-switchyard-seminar | action=pull
2025-06-09 18:25:00 | DEBUG | repo=course-sys-int-switchyard-seminar | action=commit
2025-12-10 07:33:00 | WARN | repo=course-sys-int-switchyard-seminar | action=test | passed=true
2025-09-13 11:13:00 | WARN | repo=course-sys-int-switchyard-seminar | action=commit
2025-07-15 17:15:00 | WARN | repo=course-sys-int-switchyard-seminar | action=pull
2025-05-16 08:02:00 | WARN | repo=course-sys-int-switchyard-seminar | action=commit
2025-12-24 17:52:00 | WARN | repo=course-sys-int-switchyard-seminar | action=commit
2025-03-24 15:35:00 | INFO | repo=course-sys-int-switchyard-seminar | action=commit
2025-03-09 20:01:00 | DEBUG | repo=course-sys-int-switchyard-seminar | action=pull
2025-01-13 08:02:00 | INFO | repo=course-sys-int-switchyard-seminar | action=edit | files=4
2025-08-27 18:37:00 | WARN | repo=course-sys-int-switchyard-seminar | action=commit
2025-11-18 10:32:00 | DEBUG | repo=course-sys-int-switchyard-seminar | action=commit
2025-10-24 11:04:00 | DEBUG | repo=course-sys-int-switchyard-seminar | action=commit
2025-11-01 07:25:00 | INFO | repo=course-sys-int-switchyard-seminar | action=edit | files=3
2025-03-22 20:38:00 | WARN | repo=course-sys-int-switchyard-seminar | action=commit
2025-06-25 09:59:00 | WARN | repo=course-sys-int-switchyard-seminar | action=commit
2025-02-07 16:42:00 | INFO | repo=course-sys-int-switchyard-seminar | action=commit
2025-03-11 21:28:00 | WARN | repo=course-sys-int-switchyard-seminar | action=commit
2025-06-21 07:30:00 | INFO | repo=course-sys-int-switchyard-seminar | action=commit
2025-03-22 21:38:00 | INFO | repo=course-sys-int-switchyard-seminar | action=commit
2025-09-21 21:29:00 | WARN | repo=course-sys-int-switchyard-seminar | action=commit
2025-10-07 14:07:00 | INFO | repo=course-sys-int-switchyard-seminar | action=commit
2025-02-24 20:53:00 | INFO | repo=course-sys-int-switchyard-seminar | action=test | passed=true
2025-05-26 19:39:00 | WARN | repo=course-sys-int-switchyard-seminar | action=commit
2025-11-25 14:03:00 | DEBUG | repo=course-sys-int-switchyard-seminar | action=commit
2025-11-28 17:13:00 | INFO | repo=course-sys-int-switchyard-seminar | action=commit
2025-06-28 18:58:00 | INFO | repo=course-sys-int-switchyard-seminar | action=commit
2025-03-06 11:40:00 | DEBUG | repo=course-sys-int-switchyard-seminar | action=commit
2025-06-13 13:58:00 | WARN | repo=course-sys-int-switchyard-seminar | action=commit
2025-04-09 20:25:00 | DEBUG | repo=course-sys-int-switchyard-seminar | action=commit
2025-09-28 11:39:00 | DEBUG | repo=course-sys-int-switchyard-seminar | action=commit
2025-09-28 16:34:00 | DEBUG | repo=course-sys-int-switchyard-seminar | action=commit
2025-08-16 20:47:00 | WARN | repo=course-sys-int-switchyard-seminar | action=commit
2025-12-07 17:50:00 | DEBUG | repo=course-sys-int-switchyard-seminar | action=commit
2025-11-27 14:25:00 | WARN | repo=course-sys-int-switchyard-seminar | action=commit
2025-01-21 20:08:00 | DEBUG | repo=course-sys-int-switchyard-seminar | action=commit
2025-05-15 13:44:00 | WARN | repo=course-sys-int-switchyard-seminar | action=commit
2025-08-02 14:11:00 | INFO | repo=course-sys-int-switchyard-seminar | action=commit
2025-04-04 07:57:00 | WARN | repo=course-sys-int-switchyard-seminar | action=commit
2025-02-03 16:23:00 | INFO | repo=course-sys-int-switchyard-seminar | action=commit
2025-09-06 14:36:00 | DEBUG | repo=course-sys-int-switchyard-seminar | action=commit
2025-01-01 18:47:00 | INFO | repo=course-sys-int-switchyard-seminar | action=edit | files=1
2025-11-23 21:58:00 | WARN | repo=course-sys-int-switchyard-seminar | action=edit | files=2
2025-08-02 11:00:00 | DEBUG | repo=course-sys-int-switchyard-seminar | action=commit
2025-10-03 19:10:00 | DEBUG | repo=course-sys-int-switchyard-seminar | action=commit
2025-03-06 10:47:00 | DEBUG | repo=course-sys-int-switchyard-seminar | action=test | passed=true
2025-03-16 09:27:00 | DEBUG | repo=course-sys-int-switchyard-seminar | action=commit
2025-05-07 08:34:00 | INFO | repo=course-sys-int-switchyard-seminar | action=commit
2025-11-17 18:17:00 | DEBUG | repo=course-sys-int-switchyard-seminar | action=commit
2025-04-16 07:53:00 | WARN | repo=course-sys-int-switchyard-seminar | action=commit
2025-05-06 07:02:00 | INFO | repo=course-sys-int-switchyard-seminar | action=commit
2025-09-01 20:38:00 | DEBUG | repo=course-sys-int-switchyard-seminar | action=commit
2025-03-27 09:56:00 | INFO | repo=course-sys-int-switchyard-seminar | action=commit
2025-08-19 07:10:00 | WARN | repo=course-sys-int-switchyard-seminar | action=test | passed=true
2025-05-11 20:25:00 | INFO | repo=course-sys-int-switchyard-seminar | action=commit
2025-11-01 19:12:00 | WARN | repo=course-sys-int-switchyard-seminar | action=commit
2025-12-07 17:46:00 | DEBUG | repo=course-sys-int-switchyard-seminar | action=commit
2025-12-16 08:36:00 | INFO | repo=course-sys-int-switchyard-seminar | action=test | passed=true
2025-12-08 14:31:00 | INFO | repo=course-sys-int-switchyard-seminar | action=commit
2025-05-26 14:14:00 | WARN | repo=course-sys-int-switchyard-seminar | action=commit
2025-08-26 08:42:00 | DEBUG | repo=course-sys-int-switchyard-seminar | action=commit
2025-07-18 11:43:00 | DEBUG | repo=course-sys-int-switchyard-seminar | action=commit
2025-01-01 19:38:00 | DEBUG | repo=course-sys-int-switchyard-seminar | action=edit | files=2
2025-10-08 10:42:00 | DEBUG | repo=course-sys-int-switchyard-seminar | action=commit
2025-10-21 13:06:00 | INFO | repo=course-sys-int-switchyard-seminar | action=commit
2025-02-27 09:04:00 | INFO | repo=course-sys-int-switchyard-seminar | action=commit
2025-01-16 19:31:00 | INFO | repo=course-sys-int-switchyard-seminar | action=commit
2025-11-27 20:35:00 | INFO | repo=course-sys-int-switchyard-seminar | action=commit
2025-05-21 16:14:00 | WARN | repo=course-sys-int-switchyard-seminar | action=test | passed=true
2025-01-13 15:47:00 | WARN | repo=course-sys-int-switchyard-seminar | action=test | passed=true
2025-10-25 10:49:00 | DEBUG | repo=course-sys-int-switchyard-seminar | action=edit | files=5
2025-07-23 14:35:00 | INFO | repo=course-sys-int-switchyard-seminar | action=edit | files=3
2025-07-19 11:07:00 | WARN | repo=course-sys-int-switchyard-seminar | action=commit
2025-10-23 13:12:00 | INFO | repo=course-sys-int-switchyard-seminar | action=commit
